// Jest Snapshot v1, https://goo.gl/fbAQLP

exports[`SignOut render 1`] = `
<div
  className="signOut"
>
  <Redirect
    to="/"
  />
</div>
`;
